
  You can now view your Streamlit app in your browser.

  Local URL: http://localhost:8502
  Network URL: http://192.168.1.13:8502

.\venv\Scripts\python.exe : <frozen importlib._bootstrap>:488: Warning: Numpy built with MINGW-W64 on Windows 64 bits 
is experimental, and only available for 
At line:1 char:1
+ .\venv\Scripts\python.exe -m streamlit run dashboard\app.py 2>&1 | Ou ...
+ ~~~~~~~~~~~~~~~~~~~~~~~~~~~~~~~~~~~~~~~~~~~~~~~~~~~~~~~~~~~~~~~~
    + CategoryInfo          : NotSpecified: (<frozen importl... available for :String) [], RemoteException
    + FullyQualifiedErrorId : NativeCommandError
 
testing. You are advised not to use it for production. 

CRASHES ARE TO BE EXPECTED - PLEASE REPORT THEM TO NUMPY DEVELOPERS
D:\ai_competition\cfo-sentinel\venv\Lib\site-packages\numpy\core\getlimits.py:225: RuntimeWarning: invalid value 
encountered in exp2
  epsneg_f128 = exp2(ld(-113))
D:\ai_competition\cfo-sentinel\venv\Lib\site-packages\numpy\core\getlimits.py:226: RuntimeWarning: invalid value 
encountered in exp2
  tiny_f128 = exp2(ld(-16382))
D:\ai_competition\cfo-sentinel\venv\Lib\site-packages\numpy\core\getlimits.py:240: RuntimeWarning: invalid value 
encountered in exp2
  eps=exp2(ld(-112)),
D:\ai_competition\cfo-sentinel\venv\Lib\site-packages\numpy\core\getlimits.py:41: RuntimeWarning: invalid value 
encountered in nextafter
  self._smallest_subnormal = nextafter(
D:\ai_competition\cfo-sentinel\venv\Lib\site-packages\numpy\core\getlimits.py:52: RuntimeWarning: invalid value 
encountered in log10
  self.precision = int(-log10(self.eps))
